------------------------------------------------------------
Timing Analyzer Summary
------------------------------------------------------------

Type  : Slow 1100mV 100C Model Setup 'clk'
Slack : 14.061
TNS   : 0.000

Type  : Slow 1100mV 100C Model Hold 'clk'
Slack : 0.401
TNS   : 0.000

Type  : Slow 1100mV 100C Model Minimum Pulse Width 'clk'
Slack : 9.323
TNS   : 0.000

Type  : Slow 1100mV -40C Model Setup 'clk'
Slack : 14.044
TNS   : 0.000

Type  : Slow 1100mV -40C Model Hold 'clk'
Slack : 0.403
TNS   : 0.000

Type  : Slow 1100mV -40C Model Minimum Pulse Width 'clk'
Slack : 9.183
TNS   : 0.000

Type  : Fast 1100mV 100C Model Setup 'clk'
Slack : 16.949
TNS   : 0.000

Type  : Fast 1100mV 100C Model Hold 'clk'
Slack : 0.197
TNS   : 0.000

Type  : Fast 1100mV 100C Model Minimum Pulse Width 'clk'
Slack : 9.410
TNS   : 0.000

Type  : Fast 1100mV -40C Model Setup 'clk'
Slack : 17.341
TNS   : 0.000

Type  : Fast 1100mV -40C Model Hold 'clk'
Slack : 0.174
TNS   : 0.000

Type  : Fast 1100mV -40C Model Minimum Pulse Width 'clk'
Slack : 9.411
TNS   : 0.000

------------------------------------------------------------
